-Xms60m -Xmx60m -Xmn20m -XX:NewRatio=2 -XX:SurvivorRatio=8 -XX:MetaspaceSize=30m -XX:MaxMetaspaceSize=30m -XX:+PrintGCDetails -XX:+UseG1GC

[GC pause (G1 Humongous Allocation) (young) (initial-mark), 0.0013004 secs]
   [Parallel Time: 0.7 ms, GC Workers: 4]
      [GC Worker Start (ms): Min: 123.9, Avg: 124.0, Max: 124.2, Diff: 0.3]
      [Ext Root Scanning (ms): Min: 0.0, Avg: 0.2, Max: 0.3, Diff: 0.3, Sum: 0.8]
      [Update RS (ms): Min: 0.0, Avg: 0.0, Max: 0.0, Diff: 0.0, Sum: 0.0]
         [Processed Buffers: Min: 0, Avg: 0.0, Max: 0, Diff: 0, Sum: 0]
      [Scan RS (ms): Min: 0.0, Avg: 0.0, Max: 0.0, Diff: 0.0, Sum: 0.0]
      [Code Root Scanning (ms): Min: 0.0, Avg: 0.0, Max: 0.0, Diff: 0.0, Sum: 0.0]
      [Object Copy (ms): Min: 0.3, Avg: 0.4, Max: 0.4, Diff: 0.1, Sum: 1.4]
      [Termination (ms): Min: 0.0, Avg: 0.0, Max: 0.0, Diff: 0.0, Sum: 0.0]
      [GC Worker Other (ms): Min: 0.0, Avg: 0.0, Max: 0.0, Diff: 0.0, Sum: 0.1]
      [GC Worker Total (ms): Min: 0.4, Avg: 0.6, Max: 0.7, Diff: 0.3, Sum: 2.3]
      [GC Worker End (ms): Min: 124.6, Avg: 124.6, Max: 124.6, Diff: 0.0]
   [Code Root Fixup: 0.0 ms]
   [Code Root Purge: 0.0 ms]
   [Clear CT: 0.2 ms]
   [Other: 0.4 ms]
      [Choose CSet: 0.0 ms]
      [Ref Proc: 0.2 ms]
      [Ref Enq: 0.0 ms]
      [Redirty Cards: 0.2 ms]
      [Humongous Reclaim: 0.0 ms]
      [Free CSet: 0.0 ms]
   [Eden: 2048.0K(20.0M)->0.0B(19.0M) Survivors: 0.0B->1024.0K Heap: 21.8M(60.0M)->20.7M(60.0M)]
 [Times: user=0.00 sys=0.00, real=0.00 secs] 
[GC concurrent-root-region-scan-start]
[GC concurrent-root-region-scan-end, 0.0004449 secs]
[GC concurrent-mark-start]
[GC concurrent-mark-end, 0.0001029 secs]
[GC remark [Finalize Marking, 0.0001189 secs] [GC ref-proc, 0.0000238 secs] [Unloading, 0.0004268 secs], 0.0006792 secs]
 [Times: user=0.00 sys=0.00, real=0.02 secs] 
[GC cleanup 28M->8920K(60M), 0.0005011 secs]
 [Times: user=0.00 sys=0.00, real=0.00 secs] 
[GC concurrent-cleanup-start]
[GC concurrent-cleanup-end, 0.0000196 secs]
[GC pause (G1 Humongous Allocation) (young), 0.0008497 secs]
   [Parallel Time: 0.4 ms, GC Workers: 4]
      [GC Worker Start (ms): Min: 133.8, Avg: 133.8, Max: 133.8, Diff: 0.0]
      [Ext Root Scanning (ms): Min: 0.1, Avg: 0.1, Max: 0.1, Diff: 0.0, Sum: 0.4]
      [Update RS (ms): Min: 0.0, Avg: 0.0, Max: 0.0, Diff: 0.0, Sum: 0.0]
         [Processed Buffers: Min: 0, Avg: 0.0, Max: 0, Diff: 0, Sum: 0]
      [Scan RS (ms): Min: 0.0, Avg: 0.0, Max: 0.0, Diff: 0.0, Sum: 0.0]
      [Code Root Scanning (ms): Min: 0.0, Avg: 0.0, Max: 0.0, Diff: 0.0, Sum: 0.0]
      [Object Copy (ms): Min: 0.3, Avg: 0.3, Max: 0.3, Diff: 0.0, Sum: 1.1]
      [Termination (ms): Min: 0.0, Avg: 0.0, Max: 0.0, Diff: 0.0, Sum: 0.0]
      [GC Worker Other (ms): Min: 0.0, Avg: 0.0, Max: 0.0, Diff: 0.0, Sum: 0.0]
      [GC Worker Total (ms): Min: 0.4, Avg: 0.4, Max: 0.4, Diff: 0.0, Sum: 1.5]
      [GC Worker End (ms): Min: 134.2, Avg: 134.2, Max: 134.2, Diff: 0.0]
   [Code Root Fixup: 0.0 ms]
   [Code Root Purge: 0.0 ms]
   [Clear CT: 0.1 ms]
   [Other: 0.3 ms]
      [Choose CSet: 0.0 ms]
      [Ref Proc: 0.1 ms]
      [Ref Enq: 0.0 ms]
      [Redirty Cards: 0.2 ms]
      [Humongous Reclaim: 0.0 ms]
      [Free CSet: 0.0 ms]
   [Eden: 0.0B(19.0M)->0.0B(19.0M) Survivors: 1024.0K->1024.0K Heap: 44.7M(60.0M)->44.8M(60.0M)]
 [Times: user=0.00 sys=0.00, real=0.00 secs] 
[Full GC (Allocation Failure)  44M->636K(60M), 0.0019787 secs]
   [Eden: 0.0B(19.0M)->0.0B(20.0M) Survivors: 1024.0K->0.0B Heap: 44.8M(60.0M)->636.1K(60.0M)], [Metaspace: 2556K->2556K(1056768K)]
 [Times: user=0.00 sys=0.00, real=0.00 secs] 
[GC pause (G1 Humongous Allocation) (young) (initial-mark), 0.0005765 secs]
   [Parallel Time: 0.2 ms, GC Workers: 4]
      [GC Worker Start (ms): Min: 139.2, Avg: 139.2, Max: 139.2, Diff: 0.0]
      [Ext Root Scanning (ms): Min: 0.1, Avg: 0.1, Max: 0.1, Diff: 0.0, Sum: 0.4]
      [Update RS (ms): Min: 0.0, Avg: 0.0, Max: 0.0, Diff: 0.0, Sum: 0.0]
         [Processed Buffers: Min: 0, Avg: 0.0, Max: 0, Diff: 0, Sum: 0]
      [Scan RS (ms): Min: 0.0, Avg: 0.0, Max: 0.0, Diff: 0.0, Sum: 0.0]
      [Code Root Scanning (ms): Min: 0.0, Avg: 0.0, Max: 0.0, Diff: 0.0, Sum: 0.0]
      [Object Copy (ms): Min: 0.0, Avg: 0.0, Max: 0.0, Diff: 0.0, Sum: 0.0]
      [Termination (ms): Min: 0.0, Avg: 0.0, Max: 0.0, Diff: 0.0, Sum: 0.0]
      [GC Worker Other (ms): Min: 0.0, Avg: 0.0, Max: 0.0, Diff: 0.0, Sum: 0.0]
      [GC Worker Total (ms): Min: 0.1, Avg: 0.1, Max: 0.1, Diff: 0.0, Sum: 0.4]
      [GC Worker End (ms): Min: 139.3, Avg: 139.3, Max: 139.3, Diff: 0.0]
   [Code Root Fixup: 0.0 ms]
   [Code Root Purge: 0.0 ms]
   [Clear CT: 0.2 ms]
   [Other: 0.3 ms]
      [Choose CSet: 0.0 ms]
      [Ref Proc: 0.1 ms]
      [Ref Enq: 0.0 ms]
      [Redirty Cards: 0.1 ms]
      [Humongous Reclaim: 0.0 ms]
      [Free CSet: 0.0 ms]
   [Eden: 0.0B(20.0M)->0.0B(20.0M) Survivors: 0.0B->0.0B Heap: 20.6M(60.0M)->20.6M(60.0M)]
 [Times: user=0.00 sys=0.00, real=0.00 secs] 
[GC concurrent-root-region-scan-start]
[GC concurrent-root-region-scan-end, 0.0000075 secs]
[GC concurrent-mark-start]
[GC concurrent-mark-end, 0.0006740 secs]
[GC remark [Finalize Marking, 0.0000915 secs] [GC ref-proc, 0.0000229 secs] [Unloading, 0.0002904 secs], 0.0005956 secs]
 [Times: user=0.00 sys=0.00, real=0.00 secs] 
[GC cleanup 32M->12M(60M), 0.0003420 secs]
 [Times: user=0.00 sys=0.00, real=0.00 secs] 
[GC concurrent-cleanup-start]
[GC concurrent-cleanup-end, 0.0000154 secs]
[GC pause (G1 Humongous Allocation) (young), 0.0004211 secs]
   [Parallel Time: 0.1 ms, GC Workers: 4]
      [GC Worker Start (ms): Min: 145.9, Avg: 146.0, Max: 146.0, Diff: 0.0]
      [Ext Root Scanning (ms): Min: 0.0, Avg: 0.1, Max: 0.1, Diff: 0.0, Sum: 0.3]
      [Update RS (ms): Min: 0.0, Avg: 0.0, Max: 0.0, Diff: 0.0, Sum: 0.0]
         [Processed Buffers: Min: 0, Avg: 0.3, Max: 1, Diff: 1, Sum: 1]
      [Scan RS (ms): Min: 0.0, Avg: 0.0, Max: 0.0, Diff: 0.0, Sum: 0.0]
      [Code Root Scanning (ms): Min: 0.0, Avg: 0.0, Max: 0.0, Diff: 0.0, Sum: 0.0]
      [Object Copy (ms): Min: 0.0, Avg: 0.0, Max: 0.0, Diff: 0.0, Sum: 0.0]
      [Termination (ms): Min: 0.0, Avg: 0.0, Max: 0.0, Diff: 0.0, Sum: 0.0]
      [GC Worker Other (ms): Min: 0.0, Avg: 0.0, Max: 0.0, Diff: 0.0, Sum: 0.0]
      [GC Worker Total (ms): Min: 0.1, Avg: 0.1, Max: 0.1, Diff: 0.1, Sum: 0.4]
      [GC Worker End (ms): Min: 146.0, Avg: 146.0, Max: 146.0, Diff: 0.0]
   [Code Root Fixup: 0.0 ms]
   [Code Root Purge: 0.0 ms]
   [Clear CT: 0.1 ms]
   [Other: 0.2 ms]
      [Choose CSet: 0.0 ms]
      [Ref Proc: 0.1 ms]
      [Ref Enq: 0.0 ms]
      [Redirty Cards: 0.1 ms]
      [Humongous Reclaim: 0.0 ms]
      [Free CSet: 0.0 ms]
   [Eden: 0.0B(20.0M)->0.0B(20.0M) Survivors: 0.0B->0.0B Heap: 44.6M(60.0M)->44.6M(60.0M)]
 [Times: user=0.00 sys=0.00, real=0.00 secs] 
[Full GC (Allocation Failure)  44M->636K(60M), 0.0017502 secs]
   [Eden: 0.0B(20.0M)->0.0B(20.0M) Survivors: 0.0B->0.0B Heap: 44.6M(60.0M)->636.1K(60.0M)], [Metaspace: 2556K->2556K(1056768K)]
 [Times: user=0.00 sys=0.00, real=0.00 secs] 
[GC pause (G1 Humongous Allocation) (young) (initial-mark), 0.0004467 secs]
   [Parallel Time: 0.1 ms, GC Workers: 4]
      [GC Worker Start (ms): Min: 150.1, Avg: 150.1, Max: 150.2, Diff: 0.0]
      [Ext Root Scanning (ms): Min: 0.1, Avg: 0.1, Max: 0.1, Diff: 0.0, Sum: 0.3]
      [Update RS (ms): Min: 0.0, Avg: 0.0, Max: 0.0, Diff: 0.0, Sum: 0.0]
         [Processed Buffers: Min: 0, Avg: 0.0, Max: 0, Diff: 0, Sum: 0]
      [Scan RS (ms): Min: 0.0, Avg: 0.0, Max: 0.0, Diff: 0.0, Sum: 0.0]
      [Code Root Scanning (ms): Min: 0.0, Avg: 0.0, Max: 0.0, Diff: 0.0, Sum: 0.0]
      [Object Copy (ms): Min: 0.0, Avg: 0.0, Max: 0.0, Diff: 0.0, Sum: 0.0]
      [Termination (ms): Min: 0.0, Avg: 0.0, Max: 0.0, Diff: 0.0, Sum: 0.0]
      [GC Worker Other (ms): Min: 0.0, Avg: 0.0, Max: 0.0, Diff: 0.0, Sum: 0.0]
      [GC Worker Total (ms): Min: 0.1, Avg: 0.1, Max: 0.1, Diff: 0.0, Sum: 0.4]
      [GC Worker End (ms): Min: 150.2, Avg: 150.2, Max: 150.2, Diff: 0.0]
   [Code Root Fixup: 0.0 ms]
   [Code Root Purge: 0.0 ms]
   [Clear CT: 0.1 ms]
   [Other: 0.2 ms]
      [Choose CSet: 0.0 ms]
      [Ref Proc: 0.1 ms]
      [Ref Enq: 0.0 ms]
      [Redirty Cards: 0.1 ms]
      [Humongous Reclaim: 0.0 ms]
      [Free CSet: 0.0 ms]
   [Eden: 0.0B(20.0M)->0.0B(20.0M) Survivors: 0.0B->0.0B Heap: 20.6M(60.0M)->20.6M(60.0M)]
 [Times: user=0.00 sys=0.00, real=0.00 secs] 
[GC concurrent-root-region-scan-start]
[GC concurrent-root-region-scan-end, 0.0000051 secs]
[GC concurrent-mark-start]
[GC concurrent-mark-end, 0.0006762 secs]
[GC remark [Finalize Marking, 0.0001111 secs] [GC ref-proc, 0.0000507 secs] [Unloading, 0.0002493 secs], 0.0005307 secs]
 [Times: user=0.00 sys=0.00, real=0.00 secs] 
[GC cleanup 32M->12M(60M), 0.0004540 secs]
 [Times: user=0.00 sys=0.00, real=0.00 secs] 
[GC concurrent-cleanup-start]
[GC concurrent-cleanup-end, 0.0000130 secs]
[GC pause (G1 Humongous Allocation) (young), 0.0004223 secs]
   [Parallel Time: 0.1 ms, GC Workers: 4]
      [GC Worker Start (ms): Min: 155.9, Avg: 155.9, Max: 155.9, Diff: 0.0]
      [Ext Root Scanning (ms): Min: 0.1, Avg: 0.1, Max: 0.1, Diff: 0.0, Sum: 0.3]
      [Update RS (ms): Min: 0.0, Avg: 0.0, Max: 0.0, Diff: 0.0, Sum: 0.0]
         [Processed Buffers: Min: 0, Avg: 0.3, Max: 1, Diff: 1, Sum: 1]
      [Scan RS (ms): Min: 0.0, Avg: 0.0, Max: 0.0, Diff: 0.0, Sum: 0.0]
      [Code Root Scanning (ms): Min: 0.0, Avg: 0.0, Max: 0.0, Diff: 0.0, Sum: 0.0]
      [Object Copy (ms): Min: 0.0, Avg: 0.0, Max: 0.0, Diff: 0.0, Sum: 0.0]
      [Termination (ms): Min: 0.0, Avg: 0.0, Max: 0.0, Diff: 0.0, Sum: 0.0]
      [GC Worker Other (ms): Min: 0.0, Avg: 0.0, Max: 0.0, Diff: 0.0, Sum: 0.0]
      [GC Worker Total (ms): Min: 0.1, Avg: 0.1, Max: 0.1, Diff: 0.0, Sum: 0.4]
      [GC Worker End (ms): Min: 155.9, Avg: 155.9, Max: 155.9, Diff: 0.0]
   [Code Root Fixup: 0.0 ms]
   [Code Root Purge: 0.0 ms]
   [Clear CT: 0.1 ms]
   [Other: 0.2 ms]
      [Choose CSet: 0.0 ms]
      [Ref Proc: 0.0 ms]
      [Ref Enq: 0.0 ms]
      [Redirty Cards: 0.1 ms]
      [Humongous Reclaim: 0.0 ms]
      [Free CSet: 0.0 ms]
   [Eden: 0.0B(20.0M)->0.0B(20.0M) Survivors: 0.0B->0.0B Heap: 44.6M(60.0M)->44.6M(60.0M)]
 [Times: user=0.00 sys=0.00, real=0.00 secs] 
[Full GC (Allocation Failure)  44M->636K(60M), 0.0015784 secs]
   [Eden: 0.0B(20.0M)->0.0B(20.0M) Survivors: 0.0B->0.0B Heap: 44.6M(60.0M)->636.1K(60.0M)], [Metaspace: 2556K->2556K(1056768K)]
 [Times: user=0.00 sys=0.00, real=0.00 secs] 
Heap
 garbage-first heap   total 61440K, used 8828K [0x00000000fc400000, 0x00000000fc5001e0, 0x0000000100000000)
  region size 1024K, 1 young (1024K), 0 survivors (0K)
 Metaspace       used 2562K, capacity 4486K, committed 4864K, reserved 1056768K
  class space    used 273K, capacity 386K, committed 512K, reserved 1048576K
Java HotSpot(TM) 64-Bit Server VM warning: -XX:NewSize and -XX:MaxNewSize override -XX:NewRatio
